<html>
<body>
<pre>
<h1>µVision Build Log</h1>
<h2>Tool Versions:</h2>
IDE-Version: ¦ÌVision V5.16a
Copyright (C) 2015 ARM Ltd and ARM Germany GmbH. All rights reserved.
License Information: hello Microsoft, Microsoft, LIC=50DAR-K99GU-UMN9A-1PZMP-VBYKR-PUEXE
 
Tool Versions:
Toolchain:       MDK-ARM Professional  Version: 5.16a
Toolchain Path:  d:\Keil_v5\ARM\ARMCC\Bin
C Compiler:      Armcc.exe V5.06 (build 20)
Assembler:       Armasm.exe V5.06 (build 20)
Linker/Locator:  ArmLink.exe V5.06 (build 20)
Library Manager: ArmAr.exe V5.06 (build 20)
Hex Converter:   FromElf.exe V5.06 (build 20)
CPU DLL:         SARMCM3.DLL V5.16a
Dialog DLL:      DCM.DLL V1.13.2.0
Target DLL:      STLink\ST-LINKIII-KEIL_SWO.dll V2.0.17.0
Dialog DLL:      TCM.DLL V1.14.5.0
 
<h2>Project:</h2>
Y:\beifen\mymatlabprj\daizuo\STM32_USB\stm32_usb_keyboard\MDK-ARM\stm32_usb_keyboard.uvprojx
Project File Date:  04/26/2018

<h2>Output:</h2>
*** Using Compiler 'V5.06 (build 20)', folder: 'd:\Keil_v5\ARM\ARMCC\Bin'
Rebuild target 'stm32_usb_keyboard'
compiling stm32f1xx_hal_msp.c...
compiling usbd_desc.c...
compiling main.c...
../Src/main.c(129): warning:  #167-D: argument of type "char *" is incompatible with parameter of type "BYTE *"
  		SPI_Read_Buf(
X_ADDR_P0,buf,
X_ADR_WIDTH);
../Src/main.c(133): warning:  #167-D: argument of type "char *" is incompatible with parameter of type "uint8_t *"
  				  HAL_UART_Transmit(&huart1,&buf[count], 1, 10);
../Src/main.c(155): warning:  #223-D: function "USBD_HID_SendReport" declared implicitly
  			USBD_HID_SendReport(&hUsbDeviceFS, report,8);
../Src/main.c(76): warning:  #177-D: variable "j" was declared but never referenced
  	uint8_t j;
../Src/main.c: 4 warnings, 0 errors
compiling usb_device.c...
compiling usbd_conf.c...
compiling stm32f1xx_it.c...
compiling system_stm32f1xx.c...
compiling stm32f1xx_hal_pcd_ex.c...
compiling nRF24L01.c...
..\Src\nRF24L01.c(181): warning:  #177-D: variable "count" was declared but never referenced
  	BYTE count=0, rev_data=0;
..\Src\nRF24L01.c: 1 warning, 0 errors
compiling stm32f1xx_hal_spi.c...
compiling stm32f1xx_hal_flash.c...
compiling stm32f1xx_hal_pwr.c...
compiling stm32f1xx_hal_tim.c...
compiling stm32f1xx_ll_usb.c...
compiling stm32f1xx_hal.c...
compiling stm32f1xx_hal_dma.c...
compiling stm32f1xx_hal_pcd.c...
compiling stm32f1xx_hal_rcc_ex.c...
compiling stm32f1xx_hal_flash_ex.c...
compiling stm32f1xx_hal_cortex.c...
compiling stm32f1xx_hal_spi_ex.c...
compiling stm32f1xx_hal_gpio_ex.c...
compiling stm32f1xx_hal_tim_ex.c...
compiling stm32f1xx_hal_gpio.c...
assembling startup_stm32f103xb.s...
compiling stm32f1xx_hal_rcc.c...
compiling stm32f1xx_hal_uart.c...
compiling usbd_ctlreq.c...
compiling usbd_core.c...
compiling usbd_hid.c...
compiling usbd_ioreq.c...
linking...
Program Size: Code=13952 RO-data=304 RW-data=264 ZI-data=3824  
FromELF: creating hex file...
"stm32_usb_keyboard\stm32_usb_keyboard.axf" - 0 Error(s), 5 Warning(s).

<h2>Software Packages used:</h2>

Package Vendor: ARM
                http://www.keil.com/pack/ARM.CMSIS.4.3.0.pack
                ARM::CMSIS:CORE:4.1.0
                CMSIS (Cortex Microcontroller Software Interface Standard)
   * Component: CORE Version: 4.1.0

<h2>Collection of Component include folders:</h2>
  Y:\beifen\mymatlabprj\daizuo\STM32_USB\stm32_usb_keyboard\MDK-ARM\RTE
  d:\Keil_v5\ARM\PACK\ARM\CMSIS\4.3.0\CMSIS\Include
  d:\Keil_v5\ARM\PACK\Keil\STM32F1xx_DFP\1.1.0\Device\Include

<h2>Collection of Component Files used:</h2>

   * Component: ARM::CMSIS:CORE:4.1.0
Build Time Elapsed:  00:01:01
</pre>
</body>
</html>
