<html>
<body>
<pre>
<h1>µVision Build Log</h1>
<h2>Tool Versions:</h2>
IDE-Version: ¦ÌVision V5.16a
Copyright (C) 2015 ARM Ltd and ARM Germany GmbH. All rights reserved.
License Information: hello Microsoft, Microsoft, LIC=50DAR-K99GU-UMN9A-1PZMP-VBYKR-PUEXE
 
Tool Versions:
Toolchain:       MDK-ARM Professional  Version: 5.16a
Toolchain Path:  d:\Keil_v5\ARM\ARMCC\Bin
C Compiler:      Armcc.exe V5.06 (build 20)
Assembler:       Armasm.exe V5.06 (build 20)
Linker/Locator:  ArmLink.exe V5.06 (build 20)
Library Manager: ArmAr.exe V5.06 (build 20)
Hex Converter:   FromElf.exe V5.06 (build 20)
CPU DLL:         SARMCM3.DLL V5.16a
Dialog DLL:      DCM.DLL V1.13.2.0
Target DLL:      UL2CM3.DLL V1.155.12.0
Dialog DLL:      TCM.DLL V1.14.5.0
 
<h2>Project:</h2>
Y:\beifen\mymatlabprj\daizuo\STM32_USB\stm32_keyborad_send\stm32_keyboard_send.uvprojx
Project File Date:  04/27/2018

<h2>Output:</h2>
*** Using Compiler 'V5.06 (build 20)', folder: 'd:\Keil_v5\ARM\ARMCC\Bin'
Build target 'Target 1'
compiling main.c...
Src\main.c(271): warning:  #177-D: variable "sta" was declared but never referenced
  		uchar sta, count = 100;
Src\main.c(271): warning:  #177-D: variable "count" was declared but never referenced
  		uchar sta, count = 100;
Src\main.c(154): warning:  #177-D: variable "twoImpulse" was declared but never referenced
  	uchar count, buf[TX_ADR_WIDTH]={0,0,0,0,0},twoImpulse = 0;
Src\main.c: 3 warnings, 0 errors
linking...
Program Size: Code=8536 RO-data=280 RW-data=144 ZI-data=1536  
FromELF: creating hex file...
".\MyPrj.axf" - 0 Error(s), 3 Warning(s).

<h2>Collection of Component include folders:</h2>
  Y:\beifen\mymatlabprj\daizuo\STM32_USB\stm32_keyborad_send\RTE
  d:\Keil_v5\ARM\PACK\Keil\STM32F1xx_DFP\1.1.0\Device\Include

<h2>Collection of Component Files used:</h2>
Build Time Elapsed:  00:00:05
</pre>
</body>
</html>
